// Jest Snapshot v1, https://goo.gl/fbAQLP

exports[`App should match the snapshot 1`] = `
<main
  className="app"
>
  <section
    className="header"
  >
    <SearchForm
      searchNews={[Function]}
    />
  </section>
  <section
    className="menu"
  >
    <Menu
      filterNews={[Function]}
    />
  </section>
  <section
    className="newsContainer"
  >
    <NewsContainer
      news={
        Array [
          Object {
            "description": "Please Wait to",
            "headline": "Loading...",
            "id": 0,
            "img": "https://media.giphy.com/media/3oEjI6SIIHBdRxXI40/source.gif",
          },
        ]
      }
    />
  </section>
</main>
`;
